argv[0] = "./my_test.exe"
argv[1] = "arg1"
argv[2] = "arg2"
argv[3] = "arg3"
